// Jest Snapshot v1, https://goo.gl/fbAQLP

exports[`CityForm should match the snapshot with data passed in correctly 1`] = `
<div
  className="CityForm"
>
  <form>
    <p>
      First
       City
    </p>
    <label
      htmlFor="city-0"
    >
      City Name
    </label>
    <input
      autoComplete="off"
      id="city-0"
      list="city-selection"
      name="city"
      onChange={[Function]}
      placeholder="Enter a City Name"
      type="text"
      value=""
    />
    <datalist
      id="city-selection"
    />
    <button
      disabled={true}
      onClick={[Function]}
      type="submit"
    >
      Select City
    </button>
  </form>
</div>
`;
