// Jest Snapshot v1, https://goo.gl/fbAQLP

exports[`Comparison should match the snapshot with data passed in correctly 1`] = `
<div
  className="Comparison"
>
  <div
    className="instructions"
  >
    <p>
      Select two cities from the form on the left to see a comparison of their quality of life data.
    </p>
  </div>
</div>
`;
